Command line invocation:
    /Applications/Xcode-26.1.1.app/Contents/Developer/usr/bin/xcodebuild -project Miru.xcodeproj -scheme Miru -destination "platform=iOS Simulator,name=iPhone 16" build

2026-01-24 22:09:57.241 xcodebuild[84475:4356089]  DVTDeviceOperation: Encountered a build number "" that is incompatible with DVTBuildVersion.
2026-01-24 22:09:57.242 xcodebuild[84475:4355973] [MT] DVTDeviceOperation: Encountered a build number "" that is incompatible with DVTBuildVersion.
2026-01-24 22:09:57.439 xcodebuild[84475:4355973] [MT] IDERunDestination: Supported platforms for the buildables in the current scheme is empty.
2026-01-24 22:10:57.725 xcodebuild[84475:4355973] Writing error result bundle to /var/folders/dc/c1hlctj97_135y5_n5vmdkjh0000gr/T/ResultBundle_2026-24-01_22-10-0057.xcresult
xcodebuild: error: Unable to find a device matching the provided destination specifier:
		{ platform:iOS Simulator, OS:latest, name:iPhone 16 }

	The requested device could not be found because no available devices matched the request.

	Available destinations for the "Miru" scheme:
		{ platform:macOS, arch:arm64, variant:Designed for [iPad,iPhone], id:00006001-0010291A1E40011E, name:My Mac }
		{ platform:iOS, arch:arm64, id:00008130-000E14181A6A001C, name:Nghia }
		{ platform:iOS, id:dvtdevice-DVTiPhonePlaceholder-iphoneos:placeholder, name:Any iOS Device }
		{ platform:iOS Simulator, id:dvtdevice-DVTiOSDeviceSimulatorPlaceholder-iphonesimulator:placeholder, name:Any iOS Simulator Device }
		{ platform:iOS Simulator, arch:arm64, id:293BDE27-3A7B-4166-9AC3-A3BBD0DA966D, OS:26.1, name:iPad (A16) }
		{ platform:iOS Simulator, arch:arm64, id:18433659-3859-4578-A7C8-79D8C9E3FBB9, OS:26.1, name:iPad Air 11-inch (M3) }
		{ platform:iOS Simulator, arch:arm64, id:A22F8240-8727-420E-AF2C-EB2FED40E81F, OS:26.1, name:iPad Air 13-inch (M3) }
		{ platform:iOS Simulator, arch:arm64, id:708E269A-4310-412C-8C82-F28FEFA09F31, OS:26.1, name:iPad Pro 11-inch (M5) }
		{ platform:iOS Simulator, arch:arm64, id:CF565E9E-3473-4CAE-8D2A-92C406043AAC, OS:26.1, name:iPad Pro 13-inch (M5) }
		{ platform:iOS Simulator, arch:arm64, id:AFB8E3BA-78CE-4076-B28E-D0442B33762E, OS:26.1, name:iPad mini (A17 Pro) }
		{ platform:iOS Simulator, arch:arm64, id:04B1BCE2-6292-4F65-83A0-9EE681186E27, OS:26.1, name:iPhone 16e }
		{ platform:iOS Simulator, arch:arm64, id:32D019E7-BC85-42DE-89FC-3E85CD324825, OS:26.1, name:iPhone 17 }
		{ platform:iOS Simulator, arch:arm64, id:3CB6A1D4-3D73-4F7C-BD01-BFC5DDFB04C3, OS:26.1, name:iPhone 17 Pro }
		{ platform:iOS Simulator, arch:arm64, id:1400790E-4170-48C8-96E0-574C6AD555F3, OS:26.1, name:iPhone 17 Pro Max }
		{ platform:iOS Simulator, arch:arm64, id:F2205297-87A9-49CE-BB93-185C0D042259, OS:26.1, name:iPhone Air }

	Ineligible destinations for the "Miru" scheme:
		{ platform:iOS, arch:arm64e, id:00008110-001A61D60ED1401E, name:Tan Nghia La’s iPhone, error:Tan Nghia La’s iPhone’s iOS 18.5 doesn’t match Miru.app’s iOS 26.1 deployment target. Upgrade Tan Nghia La’s iPhone’s iOS version or lower Miru.app’s deployment target. }
